            Example: Nutrient Intake Data - Descriptive Statistics           5
                                                  13:41 Tuesday, June 29, 2004

                             The MEANS Procedure

  Variable     N           Mean        Std Dev        Minimum        Maximum
  ƒƒƒƒƒƒƒƒƒƒƒƒƒƒƒƒƒƒƒƒƒƒƒƒƒƒƒƒƒƒƒƒƒƒƒƒƒƒƒƒƒƒƒƒƒƒƒƒƒƒƒƒƒƒƒƒƒƒƒƒƒƒƒƒƒƒƒƒƒƒƒƒƒƒ
  calcium    737    624.0492537    397.2775401      7.4400000        2866.44
  iron       737     11.1298996      5.9841905              0     58.6680000
  protein    737     65.8034410     30.5757564              0    251.0120000
  a          737    839.6353460        1633.54              0       34434.27
  c          737     78.9284464     73.5952721              0    433.3390000
  ƒƒƒƒƒƒƒƒƒƒƒƒƒƒƒƒƒƒƒƒƒƒƒƒƒƒƒƒƒƒƒƒƒƒƒƒƒƒƒƒƒƒƒƒƒƒƒƒƒƒƒƒƒƒƒƒƒƒƒƒƒƒƒƒƒƒƒƒƒƒƒƒƒƒ
            Example: Nutrient Intake Data - Descriptive Statistics           6
                                                  13:41 Tuesday, June 29, 2004

                              The CORR Procedure

         5  Variables:    calcium  iron     protein  a        c


                         Covariance Matrix, DF = 736

              calcium          iron       protein             a             c

calcium    157829.444       940.089      6075.816    102411.127      6701.616
iron          940.089        35.811       114.058      2383.153       137.672
protein      6075.816       114.058       934.877      7330.052       477.200
a          102411.127      2383.153      7330.052   2668452.371     22063.249
c            6701.616       137.672       477.200     22063.249      5416.264


                              Simple Statistics

Variable         N        Mean     Std Dev         Sum     Minimum     Maximum

calcium        737   624.04925   397.27754      459924     7.44000        2866
iron           737    11.12990     5.98419        8203           0    58.66800
protein        737    65.80344    30.57576       48497           0   251.01200
a              737   839.63535        1634      618811           0       34434
c              737    78.92845    73.59527       58170           0   433.33900


                 Pearson Correlation Coefficients, N = 737
                         Prob > |r| under H0: Rho=0

              calcium          iron       protein             a             c

calcium       1.00000       0.39543       0.50019       0.15781       0.22921
                             <.0001        <.0001        <.0001        <.0001

iron          0.39543       1.00000       0.62337       0.24379       0.31260
               <.0001                      <.0001        <.0001        <.0001

protein       0.50019       0.62337       1.00000       0.14676       0.21207
               <.0001        <.0001                      <.0001        <.0001

a             0.15781       0.24379       0.14676       1.00000       0.18352
               <.0001        <.0001        <.0001                      <.0001

c             0.22921       0.31260       0.21207       0.18352       1.00000
               <.0001        <.0001        <.0001        <.0001
