                 Eigenvalues and Eigenvectors - Wechsler Data                9
                                                  13:41 Tuesday, June 29, 2004

                  Obs    id    info    sim    arith    pict

                    1     1      7       5       9       8
                    2     2      8       8       5       6
                    3     3     16      18      11       9
                    4     4      8       3       7       9
                    5     5      6       3      13       9
                    6     6     11       8      10      10
                    7     7     12       7       9       8
                    8     8      8      11       9       3
                    9     9     14      12      11       4
                   10    10     13      13      13       6
                   11    11     13       9       9       9
                   12    12     13      10      15       7
                   13    13     14      11      12       8
                   14    14     15      11      11      10
                   15    15     13      10      15       9
                   16    16     10       5       8       6
                   17    17     10       3       7       7
                   18    18     17      13      13       7
                   19    19     10       6      10       7
                   20    20     10      10      15       8
                   21    21     14       7      11       5
                   22    22     16      11      12      11
                   23    23     10       7      14       6
                   24    24     10      10       9       6
                   25    25     10       7      10      10
                   26    26      7       6       5       9
                   27    27     15      12      10       6
                   28    28     17      15      15       8
                   29    29     16      13      16       9
                   30    30     13      10      17       8
                   31    31     13      10      17      10
                   32    32     19      12      16      10
                   33    33     19      15      17      11
                   34    34     13      10       7       8
                   35    35     15      11      12       8
                   36    36     16       9      11      11
                   37    37     14      13      14       9
                 Eigenvalues and Eigenvectors - Wechsler Data               10
                                                  13:41 Tuesday, June 29, 2004

                            The PRINCOMP Procedure

                           Observations          37
                           Variables              4


                              Simple Statistics

                   info               sim             arith              pict

 Mean       12.56756757       9.567567568       11.48648649       7.972972973
 StD         3.38739937       3.476432882        3.33017869       1.921898461



                              Covariance Matrix

                   info               sim             arith              pict

info        11.47447447        9.08558559        6.38288288        2.07132132
sim          9.08558559       12.08558559        5.93843844        0.54354354
arith        6.38288288        5.93843844       11.09009009        1.79129129
pict         2.07132132        0.54354354        1.79129129        3.69369369



                        Total Variance    38.343843844


                     Eigenvalues of the Covariance Matrix

                 Eigenvalue    Difference    Proportion    Cumulative

            1    26.2452776    19.9899113        0.6845        0.6845
            2     6.2553663     2.3238135        0.1631        0.8476
            3     3.9315528     2.0199057        0.1025        0.9501
            4     1.9116471                      0.0499        1.0000


                                Eigenvectors

                      Prin1         Prin2         Prin3         Prin4

        info       0.605747      -.217647      0.460503      -.611259
        sim        0.604762      -.495812      -.319676      0.535015
        arith      0.505134      0.794645      -.334926      -.034689
        pict       0.110336      0.274480      0.757343      0.582166

